---
source: crates/doover-core/tests/registry.rs
expression: "lines.join(\"\\n\")"
---
coreutils.bunzip2 → Destructive | SnapshotRestore
coreutils.bzip2 → Destructive | SnapshotRestore
coreutils.cat → Safe | None
coreutils.chmod → Destructive | SnapshotRestore
coreutils.chown → Destructive | SnapshotRestore
coreutils.cp → Destructive | SnapshotRestore
coreutils.dd → Destructive | SnapshotRestore
coreutils.gunzip → Destructive | SnapshotRestore
coreutils.gzip → Destructive | SnapshotRestore
coreutils.install → Destructive | SnapshotRestore
coreutils.ln → Destructive | SnapshotRestore
coreutils.ls → Safe | None
coreutils.mkdir → Mutating | None
coreutils.mv → Destructive | SnapshotRestore
coreutils.rm → Destructive | SnapshotRestore
coreutils.rmdir → Destructive | SnapshotRestore
coreutils.shred → Irreversible | SnapshotRestore
coreutils.tee → Destructive | SnapshotRestore
coreutils.touch → Mutating | None
coreutils.truncate → Destructive | SnapshotRestore
coreutils.unlink → Destructive | SnapshotRestore
coreutils.unxz → Destructive | SnapshotRestore
coreutils.unzstd → Destructive | SnapshotRestore
coreutils.xz → Destructive | SnapshotRestore
coreutils.zstd → Destructive | SnapshotRestore
git.checkout → Destructive | SnapshotRestore
git.clean → Destructive | SnapshotRestore
git.diff → Safe | None
git.log → Safe | None
git.push → Externalizing | None
git.reset-hard → Destructive | SnapshotRestore
git.restore → Destructive | SnapshotRestore
git.rm → Destructive | SnapshotRestore
git.show → Safe | None
git.status → Safe | None
git.switch-discard → Destructive | SnapshotRestore
net.curl → Externalizing | None
net.curl-output → Destructive | SnapshotRestore
net.wget → Mutating | None
net.wget-output → Destructive | SnapshotRestore
posix.du → Safe | None
posix.echo → Safe | None
posix.find → Safe | None
posix.find-delete → Destructive | SnapshotRestore
posix.find-exec → Destructive | SnapshotRestore
posix.grep → Safe | None
posix.head → Safe | None
posix.pwd → Safe | None
posix.sed-in-place → Destructive | SnapshotRestore
posix.sort → Safe | None
posix.sort-o → Destructive | SnapshotRestore
posix.stat → Safe | None
posix.tail → Safe | None
posix.wc → Safe | None
posix.which → Safe | None
services.docker-rm → Externalizing | None
services.docker-rmi → Externalizing | None
services.kubectl-delete → Externalizing | None
services.mongo → Externalizing | None
services.mongosh → Externalizing | None
services.mysql → Externalizing | None
services.psql → Externalizing | None
services.redis-cli → Externalizing | None
services.rsync → Destructive | SnapshotRestore
shell.redirect-append → Mutating | None
shell.redirect-truncate → Destructive | SnapshotRestore
