---
source: crates/doover-core/tests/registry.rs
assertion_line: 288
expression: "lines.join(\"\\n\")"
---
coreutils.bunzip2 → Destructive | SnapshotRestore
coreutils.bzip2 → Destructive | SnapshotRestore
coreutils.cat → Safe | None
coreutils.chmod → Destructive | SnapshotRestore
coreutils.chown → Destructive | SnapshotRestore
coreutils.cp → Destructive | SnapshotRestore
coreutils.cp-target-dir → Destructive | SnapshotRestore
coreutils.dd → Destructive | SnapshotRestore
coreutils.gunzip → Destructive | SnapshotRestore
coreutils.gzip → Destructive | SnapshotRestore
coreutils.install → Destructive | SnapshotRestore
coreutils.install-target-dir → Destructive | SnapshotRestore
coreutils.ln → Destructive | SnapshotRestore
coreutils.ln-target-dir → Destructive | SnapshotRestore
coreutils.ls → Safe | None
coreutils.mkdir → Mutating | None
coreutils.mv → Destructive | SnapshotRestore
coreutils.mv-target-dir → Destructive | SnapshotRestore
coreutils.rm → Destructive | SnapshotRestore
coreutils.rmdir → Destructive | SnapshotRestore
coreutils.shred → Irreversible | SnapshotRestore
coreutils.tee → Destructive | SnapshotRestore
coreutils.touch → Mutating | None
coreutils.truncate → Destructive | SnapshotRestore
coreutils.unlink → Destructive | SnapshotRestore
coreutils.unxz → Destructive | SnapshotRestore
coreutils.unzstd → Destructive | SnapshotRestore
coreutils.xz → Destructive | SnapshotRestore
coreutils.zstd → Destructive | SnapshotRestore
doover.diff → Safe | None
doover.doctor → Safe | None
doover.log → Safe | None
doover.show → Safe | None
doover.status → Safe | None
git.blame → Safe | None
git.blame-output → Destructive | SnapshotRestore
git.cat-file → Safe | None
git.check-ignore → Safe | None
git.checkout → Destructive | SnapshotRestore
git.clean → Destructive | SnapshotRestore
git.count-objects → Safe | None
git.describe → Safe | None
git.diff → Safe | None
git.diff-output → Destructive | SnapshotRestore
git.diff-tree → Safe | None
git.diff-tree-output → Destructive | SnapshotRestore
git.for-each-ref → Safe | None
git.grep → Safe | None
git.grep-open-pager → Destructive | SnapshotRestore
git.log → Safe | None
git.log-output → Destructive | SnapshotRestore
git.ls-files → Safe | None
git.ls-tree → Safe | None
git.merge-base → Safe | None
git.push → Externalizing | None
git.reset-hard → Destructive | SnapshotRestore
git.restore → Destructive | SnapshotRestore
git.rev-list → Safe | None
git.rev-list-output → Destructive | SnapshotRestore
git.rev-parse → Safe | None
git.rm → Destructive | SnapshotRestore
git.shortlog → Safe | None
git.shortlog-output → Destructive | SnapshotRestore
git.show → Safe | None
git.show-output → Destructive | SnapshotRestore
git.status → Safe | None
git.switch-discard → Destructive | SnapshotRestore
net.curl → Externalizing | None
net.curl-output → Destructive | SnapshotRestore
net.wget → Mutating | None
net.wget-output → Destructive | SnapshotRestore
posix.du → Safe | None
posix.echo → Safe | None
posix.find → Safe | None
posix.find-delete → Destructive | SnapshotRestore
posix.find-exec → Destructive | SnapshotRestore
posix.find-fprint → Destructive | SnapshotRestore
posix.grep → Safe | None
posix.head → Safe | None
posix.pwd → Safe | None
posix.sed-in-place → Destructive | SnapshotRestore
posix.sort → Safe | None
posix.sort-o → Destructive | SnapshotRestore
posix.stat → Safe | None
posix.tail → Safe | None
posix.wc → Safe | None
posix.which → Safe | None
readonly.base64 → Safe | None
readonly.base64-output → Destructive | SnapshotRestore
readonly.basename → Safe | None
readonly.cksum → Safe | None
readonly.cmp → Safe | None
readonly.column → Safe | None
readonly.comm → Safe | None
readonly.cut → Safe | None
readonly.date → Safe | None
readonly.df → Safe | None
readonly.diff → Safe | None
readonly.dig → Safe | None
readonly.dirname → Safe | None
readonly.expr → Safe | None
readonly.false → Safe | None
readonly.file → Safe | None
readonly.file-compile → Destructive | SnapshotRestore
readonly.fold → Safe | None
readonly.groups → Safe | None
readonly.hexdump → Safe | None
readonly.host → Safe | None
readonly.hostname → Safe | None
readonly.id → Safe | None
readonly.join → Safe | None
readonly.jq → Safe | None
readonly.less → Safe | None
readonly.md5sum → Safe | None
readonly.more → Safe | None
readonly.nl → Safe | None
readonly.nproc → Safe | None
readonly.nslookup → Safe | None
readonly.od → Safe | None
readonly.paste → Safe | None
readonly.ping → Safe | None
readonly.printenv → Safe | None
readonly.printf → Safe | None
readonly.ps → Safe | None
readonly.readlink → Safe | None
readonly.realpath → Safe | None
readonly.rev → Safe | None
readonly.seq → Safe | None
readonly.sha1sum → Safe | None
readonly.sha256sum → Safe | None
readonly.shasum → Safe | None
readonly.sleep → Safe | None
readonly.strings → Safe | None
readonly.test → Safe | None
readonly.tr → Safe | None
readonly.true → Safe | None
readonly.type → Safe | None
readonly.uname → Safe | None
readonly.uptime → Safe | None
readonly.whereis → Safe | None
readonly.whoami → Safe | None
services.docker-rm → Externalizing | None
services.docker-rmi → Externalizing | None
services.kubectl-delete → Externalizing | None
services.mongo → Externalizing | None
services.mongosh → Externalizing | None
services.mysql → Externalizing | None
services.psql → Externalizing | None
services.redis-cli → Externalizing | None
services.rsync → Destructive | SnapshotRestore
shell.redirect-append → Mutating | None
shell.redirect-truncate → Destructive | SnapshotRestore
