---
source: crates/doover-core/tests/registry.rs
expression: "lines.join(\"\\n\")"
---
coreutils.cat → Safe | None
coreutils.chmod → Destructive | SnapshotRestore
coreutils.chown → Destructive | SnapshotRestore
coreutils.cp → Destructive | SnapshotRestore
coreutils.dd → Destructive | SnapshotRestore
coreutils.ln → Destructive | SnapshotRestore
coreutils.ls → Safe | None
coreutils.mkdir → Mutating | None
coreutils.mv → Destructive | SnapshotRestore
coreutils.rm → Destructive | SnapshotRestore
coreutils.rmdir → Destructive | SnapshotRestore
coreutils.shred → Irreversible | SnapshotRestore
coreutils.tee → Destructive | SnapshotRestore
coreutils.touch → Mutating | None
coreutils.truncate → Destructive | SnapshotRestore
coreutils.unlink → Destructive | SnapshotRestore
git.checkout → Destructive | SnapshotRestore
git.clean → Destructive | SnapshotRestore
git.push → Externalizing | None
git.reset-hard → Destructive | SnapshotRestore
git.status → Safe | None
net.curl → Externalizing | None
net.wget → Mutating | None
shell.redirect-append → Mutating | None
shell.redirect-truncate → Destructive | SnapshotRestore
